// Vitest Snapshot v1, https://vitest.dev/guide/snapshot.html

exports[`SearchResult > mounts 1`] = `"<div><div class=\\"flex flex-col\\"><span class=\\"mb-1\\">Resource - Re</span> <div class=\\"flex flex-wrap\\"><span class=\\"badge exotic m-1 svelte-1x1khpc\\">exotic</span> <span class=\\"badge badge-neutral m-1\\">manufactured</span> <span class=\\"badge badge-neutral m-1\\"><img src=\\"/src/assets/credit.png\\" alt=\\"starfield credit logo\\" class=\\"h-4\\">24</span></div></div></div>"`;
